[0.030s][info][gc] Using Serial
[4.338s][info][gc] GC(0) Pause Young (Allocation Failure) 4M->1M(15M) 8.542ms
[4.530s][info][gc] GC(1) Pause Young (Allocation Failure) 6M->2M(15M) 5.314ms
[4.649s][info][gc] GC(2) Pause Young (Allocation Failure) 6M->2M(15M) 4.768ms
[5.689s][info][gc] GC(3) Pause Young (Allocation Failure) 7M->3M(15M) 6.376ms
[12.614s][info][gc] GC(4) Pause Young (Allocation Failure) 7M->4M(15M) 20.370ms
[48.604s][info][gc] GC(5) Pause Young (Allocation Failure) 8M->4M(15M) 7.803ms
[85.686s][info][gc] GC(6) Pause Young (Allocation Failure) 8M->4M(15M) 2.631ms
[100.589s][info][gc] GC(7) Pause Young (Allocation Failure) 8M->4M(15M) 1.234ms
[100.610s][info][gc] GC(8) Pause Young (Allocation Failure) 8M->4M(15M) 1.669ms
[100.649s][info][gc] GC(9) Pause Young (Allocation Failure) 8M->4M(15M) 1.115ms
[100.669s][info][gc] GC(10) Pause Young (Allocation Failure) 8M->4M(15M) 1.133ms
[100.687s][info][gc] GC(11) Pause Young (Allocation Failure) 8M->4M(15M) 1.881ms
[100.703s][info][gc] GC(12) Pause Young (Allocation Failure) 8M->4M(15M) 1.230ms
[100.713s][info][gc] GC(13) Pause Young (Allocation Failure) 8M->4M(15M) 1.278ms
[100.723s][info][gc] GC(14) Pause Young (Allocation Failure) 8M->4M(15M) 1.246ms
[100.733s][info][gc] GC(15) Pause Young (Allocation Failure) 8M->4M(15M) 1.362ms
[100.744s][info][gc] GC(16) Pause Young (Allocation Failure) 8M->4M(15M) 1.036ms
[100.755s][info][gc] GC(17) Pause Young (Allocation Failure) 8M->4M(15M) 1.147ms
[100.764s][info][gc] GC(18) Pause Young (Allocation Failure) 8M->4M(15M) 1.211ms
[100.773s][info][gc] GC(19) Pause Young (Allocation Failure) 8M->4M(15M) 1.311ms
[100.782s][info][gc] GC(20) Pause Young (Allocation Failure) 8M->4M(15M) 1.366ms
[100.790s][info][gc] GC(21) Pause Young (Allocation Failure) 8M->4M(15M) 0.903ms
[100.798s][info][gc] GC(22) Pause Young (Allocation Failure) 8M->4M(15M) 0.787ms
[111.698s][info][gc] GC(23) Pause Young (Allocation Failure) 8M->4M(15M) 1.590ms
[148.719s][info][gc] GC(24) Pause Young (Allocation Failure) 8M->4M(15M) 1.557ms
[187.742s][info][gc] GC(25) Pause Young (Allocation Failure) 8M->4M(15M) 1.930ms
[225.779s][info][gc] GC(26) Pause Young (Allocation Failure) 8M->4M(15M) 1.716ms
[264.818s][info][gc] GC(27) Pause Young (Allocation Failure) 8M->4M(15M) 1.794ms
[279.303s][info][gc] GC(28) Pause Young (Allocation Failure) 8M->4M(15M) 1.295ms
[279.310s][info][gc] GC(29) Pause Young (Allocation Failure) 8M->4M(15M) 0.632ms
[279.318s][info][gc] GC(30) Pause Young (Allocation Failure) 8M->4M(15M) 0.724ms
[279.325s][info][gc] GC(31) Pause Young (Allocation Failure) 8M->4M(15M) 0.754ms
[279.332s][info][gc] GC(32) Pause Young (Allocation Failure) 8M->4M(15M) 0.874ms
[279.339s][info][gc] GC(33) Pause Young (Allocation Failure) 8M->4M(15M) 0.568ms
[279.346s][info][gc] GC(34) Pause Young (Allocation Failure) 8M->4M(15M) 0.674ms
[279.353s][info][gc] GC(35) Pause Young (Allocation Failure) 8M->4M(15M) 0.755ms
[279.361s][info][gc] GC(36) Pause Young (Allocation Failure) 8M->4M(15M) 0.812ms
[279.367s][info][gc] GC(37) Pause Young (Allocation Failure) 8M->4M(15M) 0.666ms
[279.377s][info][gc] GC(38) Pause Young (Allocation Failure) 8M->4M(15M) 0.981ms
[279.387s][info][gc] GC(39) Pause Young (Allocation Failure) 8M->4M(15M) 0.997ms
[279.396s][info][gc] GC(40) Pause Young (Allocation Failure) 8M->4M(15M) 0.952ms
[279.405s][info][gc] GC(41) Pause Young (Allocation Failure) 8M->4M(15M) 0.948ms
[279.415s][info][gc] GC(42) Pause Young (Allocation Failure) 8M->4M(15M) 1.182ms
[279.427s][info][gc] GC(43) Pause Young (Allocation Failure) 8M->4M(15M) 1.205ms
[296.857s][info][gc] GC(44) Pause Young (Allocation Failure) 8M->4M(15M) 1.805ms
[335.894s][info][gc] GC(45) Pause Young (Allocation Failure) 8M->4M(15M) 0.629ms
[374.937s][info][gc] GC(46) Pause Young (Allocation Failure) 8M->4M(15M) 1.466ms
[413.800s][info][gc] GC(47) Pause Young (Allocation Failure) 8M->4M(15M) 1.645ms
[452.823s][info][gc] GC(48) Pause Young (Allocation Failure) 8M->4M(15M) 1.422ms
[492.070s][info][gc] GC(49) Pause Young (Allocation Failure) 8M->4M(15M) 1.563ms
[530.916s][info][gc] GC(50) Pause Young (Allocation Failure) 8M->4M(15M) 1.554ms
